2026-01-29 22:11:55,554 - INFO - ============================================================
2026-01-29 22:11:55,554 - INFO - TEST: Scanning /tmp/ Directory in Sandbox Environment
2026-01-29 22:11:55,554 - INFO - ============================================================
2026-01-29 22:11:55,554 - INFO - ============================================================
2026-01-29 22:11:55,554 - INFO - Starting scan of /tmp/ directory
2026-01-29 22:11:55,554 - INFO - ============================================================
2026-01-29 22:11:55,554 - INFO - ------------------------------------------------------------
2026-01-29 22:11:55,554 - INFO - SANDBOX EXECUTION VERIFICATION
2026-01-29 22:11:55,555 - INFO - ------------------------------------------------------------
2026-01-29 22:11:55,555 - INFO - Successfully scanned /tmp/ directory
2026-01-29 22:11:55,555 - INFO - Total items: 0
2026-01-29 22:11:55,555 - INFO - Files: 0, Directories: 0
2026-01-29 22:11:55,555 - INFO - Test completed successfully - Sandbox execution verified!
2026-01-29 22:12:02,527 - INFO - ============================================================
2026-01-29 22:12:02,528 - INFO - TEST: Scanning /tmp/ Directory in Sandbox Environment
2026-01-29 22:12:02,528 - INFO - ============================================================
2026-01-29 22:12:02,528 - INFO - ============================================================
2026-01-29 22:12:02,528 - INFO - Starting scan of /tmp/ directory
2026-01-29 22:12:02,528 - INFO - ============================================================
2026-01-29 22:12:02,528 - INFO - [FILE] /tmp/pirate_greeting.log
2026-01-29 22:12:02,528 - INFO - [FILE] /tmp/treasure_map.txt
2026-01-29 22:12:02,528 - INFO - [DIR]  /tmp/sandbox_test_dir
2026-01-29 22:12:02,528 - INFO - [DIR]  /tmp/test_treasure_chest
2026-01-29 22:12:02,528 - INFO - [FILE] /tmp/empty_bottle.dat
2026-01-29 22:12:02,528 - INFO - ------------------------------------------------------------
2026-01-29 22:12:02,528 - INFO - SANDBOX EXECUTION VERIFICATION
2026-01-29 22:12:02,528 - INFO - ------------------------------------------------------------
2026-01-29 22:12:02,528 - INFO - Successfully scanned /tmp/ directory
2026-01-29 22:12:02,528 - INFO - Total items: 5
2026-01-29 22:12:02,528 - INFO - Files: 3, Directories: 2
2026-01-29 22:12:02,528 - INFO - Test completed successfully - Sandbox execution verified!
